CSS
My ~/.css repo that styles the web for me.
test issue
lalala
