3-in-1-dock

ApplicationInsights-Ruby
Microsoft Application Insights SDK for Ruby
WinObjC
Objective-C for Windows
