Kapil Singh
India
kapilsingh1@live.com
5
Download-youtube-video
Kapilks
4945becd3bfd34d47afed4f12d1cfae72679837f
Kapilks
YouTube Data API V3 added to get playlist data
